
> quan-ly-team-claude@3.0.0 test D:\CONG VIEC\quan-ly-team-claude
> vitest run


 RUN  v4.1.2 D:/CONG VIEC/quan-ly-team-claude


 Test Files  7 passed (7)
      Tests  28 passed (28)
   Start at  11:24:59
   Duration  1.39s (transform 263ms, setup 0ms, import 1.71s, tests 1.95s, environment 4.09s)

