
> quan-ly-team-claude@3.0.0 test D:\CONG VIEC\quan-ly-team-claude
> vitest run


 RUN  v4.1.2 D:/CONG VIEC/quan-ly-team-claude


 Test Files  7 passed (7)
      Tests  28 passed (28)
   Start at  23:10:26
   Duration  1.36s (transform 247ms, setup 0ms, import 1.56s, tests 1.96s, environment 4.01s)

